// Jest Snapshot v1, https://goo.gl/fbAQLP

exports[`Snapshot: LambdaStackSnapshot 1`] = `
Object {
  "Parameters": Object {
    "BootstrapVersion": Object {
      "Default": "/cdk-bootstrap/hnb659fds/version",
      "Description": "Version of the CDK Bootstrap resources in this environment, automatically retrieved from SSM Parameter Store. [cdk:skip]",
      "Type": "AWS::SSM::Parameter::Value<String>",
    },
  },
  "Resources": Object {
    "CloudWatchLogsMain": Object {
      "Properties": Object {
        "LogGroupName": "/aws/lambda/cdktest-dev-test-func",
        "RetentionInDays": 90,
      },
      "Type": "AWS::Logs::LogGroup",
    },
    "IamRoleTestFunction": Object {
      "Properties": Object {
        "AssumeRolePolicyDocument": Object {
          "Statement": Array [
            Object {
              "Action": "sts:AssumeRole",
              "Effect": "Allow",
              "Principal": Object {
                "Service": "lambda.amazonaws.com",
              },
            },
          ],
          "Version": "2012-10-17",
        },
        "ManagedPolicyArns": Array [
          "arn:aws:iam::aws:policy/service-role/AWSLambdaBasicExecutionRole",
        ],
        "RoleName": "cdktest-dev-test-function-role",
      },
      "Type": "AWS::IAM::Role",
    },
    "LambdaFunctionTest": Object {
      "Properties": Object {
        "Code": Object {
          "S3Bucket": "resourceBucket",
          "S3Key": "test-function.zip",
        },
        "FunctionName": "cdktest-dev-test-func",
        "Handler": "lambda_function.lambda_handler",
        "Role": Object {
          "Fn::GetAtt": Array [
            "IamRoleTestFunction",
            "Arn",
          ],
        },
        "Runtime": "python3.8",
      },
      "Type": "AWS::Lambda::Function",
    },
    "LambdaFunctionTestAliasInService": Object {
      "DependsOn": Array [
        "LambdaFunctionTest",
      ],
      "Properties": Object {
        "FunctionName": "cdktest-dev-test-func",
        "FunctionVersion": "$LATEST",
        "Name": "InService",
      },
      "Type": "AWS::Lambda::Alias",
    },
    "LambdaFunctionTestVersion3f9eebb283b6a298918ccaa48964c2ac": Object {
      "DeletionPolicy": "Retain",
      "DependsOn": Array [
        "LambdaFunctionTest",
      ],
      "Properties": Object {
        "Description": "When the version changes, the comments must also change.",
        "FunctionName": "cdktest-dev-test-func",
      },
      "Type": "AWS::Lambda::Version",
      "UpdateReplacePolicy": "Retain",
    },
  },
  "Rules": Object {
    "CheckBootstrapVersion": Object {
      "Assertions": Array [
        Object {
          "Assert": Object {
            "Fn::Not": Array [
              Object {
                "Fn::Contains": Array [
                  Array [
                    "1",
                    "2",
                    "3",
                    "4",
                    "5",
                  ],
                  Object {
                    "Ref": "BootstrapVersion",
                  },
                ],
              },
            ],
          },
          "AssertDescription": "CDK bootstrap stack version 6 required. Please run 'cdk bootstrap' with a recent version of the CDK CLI.",
        },
      ],
    },
  },
}
`;
