// Jest Snapshot v1, https://goo.gl/fbAQLP

exports[`Snapshot: NetworkStackSnapshot 1`] = `
Object {
  "Parameters": Object {
    "BootstrapVersion": Object {
      "Default": "/cdk-bootstrap/hnb659fds/version",
      "Description": "Version of the CDK Bootstrap resources in this environment, automatically retrieved from SSM Parameter Store. [cdk:skip]",
      "Type": "AWS::SSM::Parameter::Value<String>",
    },
  },
  "Resources": Object {
    "InternetGatewayMain": Object {
      "Properties": Object {
        "Tags": Array [
          Object {
            "Key": "Name",
            "Value": "cdktest-dev-main-igw",
          },
        ],
      },
      "Type": "AWS::EC2::InternetGateway",
    },
    "InternetGatewayMainAttachment": Object {
      "Properties": Object {
        "InternetGatewayId": Object {
          "Ref": "InternetGatewayMain",
        },
        "VpcId": Object {
          "Ref": "VpcMain",
        },
      },
      "Type": "AWS::EC2::VPCGatewayAttachment",
    },
    "RouteTablePrivateCommon": Object {
      "Properties": Object {
        "Tags": Array [
          Object {
            "Key": "Name",
            "Value": "cdktest-dev-private-common-rt",
          },
        ],
        "VpcId": Object {
          "Ref": "VpcMain",
        },
      },
      "Type": "AWS::EC2::RouteTable",
    },
    "RouteTablePublicCommon": Object {
      "Properties": Object {
        "Tags": Array [
          Object {
            "Key": "Name",
            "Value": "cdktest-dev-public-common-rt",
          },
        ],
        "VpcId": Object {
          "Ref": "VpcMain",
        },
      },
      "Type": "AWS::EC2::RouteTable",
    },
    "RouteTablePublicRouteCommon": Object {
      "Properties": Object {
        "DestinationCidrBlock": "0.0.0.0/0",
        "GatewayId": Object {
          "Ref": "InternetGatewayMain",
        },
        "RouteTableId": Object {
          "Ref": "RouteTablePublicCommon",
        },
      },
      "Type": "AWS::EC2::Route",
    },
    "RouteTableSubnetAssociationPrivateA": Object {
      "Properties": Object {
        "RouteTableId": Object {
          "Ref": "RouteTablePrivateCommon",
        },
        "SubnetId": Object {
          "Ref": "SubnetPrivateA",
        },
      },
      "Type": "AWS::EC2::SubnetRouteTableAssociation",
    },
    "RouteTableSubnetAssociationPrivateC": Object {
      "Properties": Object {
        "RouteTableId": Object {
          "Ref": "RouteTablePrivateCommon",
        },
        "SubnetId": Object {
          "Ref": "SubnetPrivateC",
        },
      },
      "Type": "AWS::EC2::SubnetRouteTableAssociation",
    },
    "RouteTableSubnetAssociationPublicA": Object {
      "Properties": Object {
        "RouteTableId": Object {
          "Ref": "RouteTablePublicCommon",
        },
        "SubnetId": Object {
          "Ref": "SubnetPublicA",
        },
      },
      "Type": "AWS::EC2::SubnetRouteTableAssociation",
    },
    "RouteTableSubnetAssociationPublicC": Object {
      "Properties": Object {
        "RouteTableId": Object {
          "Ref": "RouteTablePublicCommon",
        },
        "SubnetId": Object {
          "Ref": "SubnetPublicC",
        },
      },
      "Type": "AWS::EC2::SubnetRouteTableAssociation",
    },
    "SubnetPrivateA": Object {
      "Properties": Object {
        "AvailabilityZone": "ap-northeast-1a",
        "CidrBlock": "10.10.11.0/24",
        "MapPublicIpOnLaunch": false,
        "Tags": Array [
          Object {
            "Key": "Name",
            "Value": "cdktest-dev-private-a-subnet",
          },
        ],
        "VpcId": Object {
          "Ref": "VpcMain",
        },
      },
      "Type": "AWS::EC2::Subnet",
    },
    "SubnetPrivateC": Object {
      "Properties": Object {
        "AvailabilityZone": "ap-northeast-1c",
        "CidrBlock": "10.10.12.0/24",
        "MapPublicIpOnLaunch": false,
        "Tags": Array [
          Object {
            "Key": "Name",
            "Value": "cdktest-dev-private-c-subnet",
          },
        ],
        "VpcId": Object {
          "Ref": "VpcMain",
        },
      },
      "Type": "AWS::EC2::Subnet",
    },
    "SubnetPublicA": Object {
      "Properties": Object {
        "AvailabilityZone": "ap-northeast-1a",
        "CidrBlock": "10.10.1.0/24",
        "MapPublicIpOnLaunch": true,
        "Tags": Array [
          Object {
            "Key": "Name",
            "Value": "cdktest-dev-public-a-subnet",
          },
        ],
        "VpcId": Object {
          "Ref": "VpcMain",
        },
      },
      "Type": "AWS::EC2::Subnet",
    },
    "SubnetPublicC": Object {
      "Properties": Object {
        "AvailabilityZone": "ap-northeast-1c",
        "CidrBlock": "10.10.2.0/24",
        "MapPublicIpOnLaunch": true,
        "Tags": Array [
          Object {
            "Key": "Name",
            "Value": "cdktest-dev-public-c-subnet",
          },
        ],
        "VpcId": Object {
          "Ref": "VpcMain",
        },
      },
      "Type": "AWS::EC2::Subnet",
    },
    "VpcMain": Object {
      "Properties": Object {
        "CidrBlock": "10.10.0.0/16",
        "Tags": Array [
          Object {
            "Key": "Name",
            "Value": "cdktest-dev-main-vpc",
          },
        ],
      },
      "Type": "AWS::EC2::VPC",
    },
  },
  "Rules": Object {
    "CheckBootstrapVersion": Object {
      "Assertions": Array [
        Object {
          "Assert": Object {
            "Fn::Not": Array [
              Object {
                "Fn::Contains": Array [
                  Array [
                    "1",
                    "2",
                    "3",
                    "4",
                    "5",
                  ],
                  Object {
                    "Ref": "BootstrapVersion",
                  },
                ],
              },
            ],
          },
          "AssertDescription": "CDK bootstrap stack version 6 required. Please run 'cdk bootstrap' with a recent version of the CDK CLI.",
        },
      ],
    },
  },
}
`;
